src/app/(admin)/admin/assets/page.tsx(9,15): error TS2305: Module '"@/components/admin/assets/types"' has no exported member 'AssetFilters'.
src/app/(admin)/admin/assets/page.tsx(9,29): error TS2305: Module '"@/components/admin/assets/types"' has no exported member 'AssetRecord'.
src/app/(admin)/admin/assets/page.tsx(67,32): error TS2339: Property 'code' does not exist on type '{ id: string; name: string; }'.
src/app/warehouse-insights/page.tsx(11,38): error TS2307: Cannot find module '@/components/Dashboard/WarehouseInsightsSection' or its corresponding type declarations.
src/components/admin/assets/AssetDetailsPanel.tsx(32,3): error TS2305: Module '"./types"' has no exported member 'AssetHealthBand'.
src/components/admin/assets/AssetDetailsPanel.tsx(33,3): error TS2305: Module '"./types"' has no exported member 'AssetRecord'.
src/components/admin/assets/AssetDetailsPanel.tsx(35,3): error TS2305: Module '"./types"' has no exported member 'MaintenanceEventType'.
src/components/admin/assets/AssetDetailsPanel.tsx(44,10): error TS2678: Type '"critical"' is not comparable to type 'AssetStatus'.
src/components/admin/assets/AssetDetailsPanel.tsx(46,10): error TS2678: Type '"under_maintenance"' is not comparable to type 'AssetStatus'.
src/components/admin/assets/AssetDetailsPanel.tsx(48,10): error TS2678: Type '"inactive"' is not comparable to type 'AssetStatus'.
src/components/admin/assets/AssetDetailsPanel.tsx(50,10): error TS2678: Type '"decommissioned"' is not comparable to type 'AssetStatus'.
src/components/admin/assets/AssetDetailsPanel.tsx(52,10): error TS2678: Type '"active"' is not comparable to type 'AssetStatus'.
src/components/admin/assets/AssetDetailsPanel.tsx(524,60): error TS7006: Parameter 'item' implicitly has an 'any' type.
src/components/admin/assets/AssetDetailsPanel.tsx(524,66): error TS7006: Parameter 'index' implicitly has an 'any' type.
src/components/admin/assets/AssetDetailsPanel.tsx(560,49): error TS7006: Parameter 'event' implicitly has an 'any' type.
src/components/admin/assets/AssetDetailsPanel.tsx(560,56): error TS7006: Parameter 'idx' implicitly has an 'any' type.
src/components/admin/assets/AssetDetailsPanel.tsx(723,49): error TS7006: Parameter 'assignment' implicitly has an 'any' type.
src/components/admin/assets/AssetDetailsPanel.tsx(803,42): error TS7006: Parameter 'event' implicitly has an 'any' type.
src/components/admin/assets/AssetsSummary.tsx(4,15): error TS2305: Module '"./types"' has no exported member 'AssetRecord'.
src/components/admin/assets/AssetsTable.tsx(7,15): error TS2305: Module '"./types"' has no exported member 'AssetHealthBand'.
src/components/admin/assets/AssetsTable.tsx(7,32): error TS2305: Module '"./types"' has no exported member 'AssetRecord'.
src/components/admin/assets/AssetsTable.tsx(19,10): error TS2678: Type '"critical"' is not comparable to type 'AssetStatus'.
src/components/admin/assets/AssetsTable.tsx(24,10): error TS2678: Type '"under_maintenance"' is not comparable to type 'AssetStatus'.
src/components/admin/assets/AssetsTable.tsx(29,10): error TS2678: Type '"inactive"' is not comparable to type 'AssetStatus'.
src/components/admin/assets/AssetsTable.tsx(34,10): error TS2678: Type '"decommissioned"' is not comparable to type 'AssetStatus'.
src/components/admin/assets/AssetsTable.tsx(39,10): error TS2678: Type '"active"' is not comparable to type 'AssetStatus'.
src/components/admin/assets/AssetsToolbar.tsx(14,15): error TS2305: Module '"./types"' has no exported member 'AssetFilters'.
